INFO: [Common 17-3922] A valid Vivado Design Suite BASIC license has been detected. Your current license is active and will expire on 07-sep-2027.
#-----------------------------------------------------------
# Vivado v2026.1 (64-bit)
# SW Build 6511674 on Tue Jun 16 11:02:23 MDT 2026
# IP Build 6504888 on Tue Jun 09 09:05:25 MDT 2026
# SharedData Build 6501428 on Mon Jun 08 17:34:18 MDT 2026
# Start of session at: Wed Sep 16 10:30:39 2026
# Process ID         : 18428
# Current directory  : C:/Users/gaeun/Desktop/lab2_02_clock_divider/vivado
# Command line       : vivado.exe -gui_launcher_event rodinguilauncherevent2776 C:\Users\gaeun\Desktop\lab2_02_clock_divider\vivado\lab2_clock_divider.xpr
# Log file           : C:/Users/gaeun/Desktop/lab2_02_clock_divider/vivado/vivado.log
# Journal file       : C:/Users/gaeun/Desktop/lab2_02_clock_divider/vivado\vivado.jou
# Running On         : 9aeun
# Platform           : Windows 11
# Operating System   : 26200
# Processor Detail   : Intel(R) Core(TM) Ultra 5 225H
# CPU Frequency      : 3686 MHz
# CPU Physical cores : 14
# CPU Logical cores  : 14
# Host memory        : 16509 MB
# Swap memory        : 17179 MB
# Total Virtual      : 33688 MB
# Available Virtual  : 14587 MB
#-----------------------------------------------------------
start_gui
open_project C:/Users/gaeun/Desktop/lab2_02_clock_divider/vivado/lab2_clock_divider.xpr
INFO: [filemgmt 56-3] Default IP Output Path : Could not find the directory 'C:/Users/gaeun/Desktop/lab2_02_clock_divider/vivado/lab2_clock_divider.gen/sources_1'.
Scanning sources...
Finished scanning sources
WARNING: [Project 1-5713] Board part '' set for the project  is not found. BoardPart property will be unset. Please select board from latest repo build 
INFO: [IP_Flow 19-234] Refreshing IP repositories
INFO: [IP_Flow 19-1704] No user IP repositories specified
INFO: [IP_Flow 19-2313] Loaded Vivado IP repository 'C:/AMDDesignTools/2026.1/Vivado/data/ip'.
open_project: Time (s): cpu = 00:00:24 ; elapsed = 00:00:15 . Memory (MB): peak = 1687.812 ; gain = 253.082
update_compile_order -fileset sources_1
exit
INFO: [Common 17-206] Exiting Vivado at Wed Sep 16 10:34:18 2026...
