INFO: [Common 17-3922] A valid Vivado Design Suite BASIC license has been detected. Your current license is active and will expire on 07-sep-2027.
#-----------------------------------------------------------
# Vivado v2026.1 (64-bit)
# SW Build 6511674 on Tue Jun 16 11:02:23 MDT 2026
# IP Build 6504888 on Tue Jun 09 09:05:25 MDT 2026
# SharedData Build 6501428 on Mon Jun 08 17:34:18 MDT 2026
# Start of session at: Wed Sep 16 10:45:34 2026
# Process ID         : 27656
# Current directory  : C:/Users/gaeun/Desktop/lab2_02_clock_divider/vivado
# Command line       : vivado.exe -gui_launcher_event rodinguilauncherevent24608 C:\Users\gaeun\Desktop\lab2_02_clock_divider\vivado\lab2_clock_divider.xpr
# Log file           : C:/Users/gaeun/Desktop/lab2_02_clock_divider/vivado/vivado.log
# Journal file       : C:/Users/gaeun/Desktop/lab2_02_clock_divider/vivado\vivado.jou
# Running On         : 9aeun
# Platform           : Windows 11
# Operating System   : 26200
# Processor Detail   : Intel(R) Core(TM) Ultra 5 225H
# CPU Frequency      : 3686 MHz
# CPU Physical cores : 14
# CPU Logical cores  : 14
# Host memory        : 16509 MB
# Swap memory        : 17179 MB
# Total Virtual      : 33688 MB
# Available Virtual  : 14354 MB
#-----------------------------------------------------------
start_gui
open_project C:/Users/gaeun/Desktop/lab2_02_clock_divider/vivado/lab2_clock_divider.xpr
INFO: [filemgmt 56-3] Default IP Output Path : Could not find the directory 'C:/Users/gaeun/Desktop/lab2_02_clock_divider/vivado/lab2_clock_divider.gen/sources_1'.
Scanning sources...
Finished scanning sources
WARNING: [Project 1-5713] Board part '' set for the project  is not found. BoardPart property will be unset. Please select board from latest repo build 
INFO: [IP_Flow 19-234] Refreshing IP repositories
INFO: [IP_Flow 19-1704] No user IP repositories specified
INFO: [IP_Flow 19-2313] Loaded Vivado IP repository 'C:/AMDDesignTools/2026.1/Vivado/data/ip'.
open_project: Time (s): cpu = 00:00:17 ; elapsed = 00:00:10 . Memory (MB): peak = 1690.969 ; gain = 217.305
update_compile_order -fileset sources_1
launch_simulation
Command: launch_simulation  -mode behavioral
INFO: [Vivado 12-25911] Executing simulation for 'XSim' simulator
INFO: [Vivado 12-28535] Process started - Wed Sep 16 10:46:35 2026

INFO: [Vivado 12-12493] Simulation top is 'tb_clock_divider'
INFO: [Vivado 12-5682] Launching behavioral simulation in 'C:/Users/gaeun/Desktop/lab2_02_clock_divider/vivado/lab2_clock_divider.sim/sim_1/behav/xsim'
INFO: [SIM-utils-51] Simulation object is 'sim_1'
INFO: [SIM-utils-72] Using boost library from 'C:/AMDDesignTools/2026.1/Vivado/tps/boost_1_72_0'
INFO: [SIM-utils-54] Inspecting design source files for 'tb_clock_divider' in fileset 'sim_1'...
INFO: [USF-XSim-97] Finding global include files...
INFO: [USF-XSim-98] Fetching design files from 'sim_1'...
INFO: [USF-XSim-2] XSim::Compile design
INFO: [USF-XSim-61] Executing 'COMPILE and ANALYZE' step in 'C:/Users/gaeun/Desktop/lab2_02_clock_divider/vivado/lab2_clock_divider.sim/sim_1/behav/xsim'
"xvlog --incr --relax -L uvm -prj tb_clock_divider_vlog.prj"
INFO: [USF-XSim-69] 'compile' step finished in '2' seconds
INFO: [USF-XSim-3] XSim::Elaborate design
INFO: [USF-XSim-61] Executing 'ELABORATE' step in 'C:/Users/gaeun/Desktop/lab2_02_clock_divider/vivado/lab2_clock_divider.sim/sim_1/behav/xsim'
"xelab --incr --debug typical --relax --mt 2 -L xil_defaultlib -L uvm -L unisims_ver -L unimacro_ver -L secureip --snapshot tb_clock_divider_behav xil_defaultlib.tb_clock_divider xil_defaultlib.glbl -log elaborate.log"
Vivado Simulator v2026.1
Copyright 1986-2022 Xilinx, Inc. All Rights Reserved.
Copyright 2022-2026 Advanced Micro Devices, Inc. All Rights Reserved.
Running: C:/AMDDesignTools/2026.1/Vivado/bin/unwrapped/win64.o/xelab.exe --incr --debug typical --relax --mt 2 -L xil_defaultlib -L uvm -L unisims_ver -L unimacro_ver -L secureip --snapshot tb_clock_divider_behav xil_defaultlib.tb_clock_divider xil_defaultlib.glbl -log elaborate.log 
INFO: [XSIM 43-3493] Using 2 slave threads.
Starting static elaboration
Pass Through NonSizing Optimizer
Completed static elaboration
INFO: [XSIM 43-4323] No Change in HDL. Linking previously generated obj files to create kernel
INFO: [USF-XSim-69] 'elaborate' step finished in '2' seconds
INFO: [USF-XSim-4] XSim::Simulate design
INFO: [USF-XSim-61] Executing 'SIMULATE' step in 'C:/Users/gaeun/Desktop/lab2_02_clock_divider/vivado/lab2_clock_divider.sim/sim_1/behav/xsim'
INFO: [USF-XSim-98] *** Running xsim
   with args "tb_clock_divider_behav -key {Behavioral:sim_1:Functional:tb_clock_divider} -tclbatch {tb_clock_divider.tcl} -log {simulate.log}"
INFO: [USF-XSim-8] Loading simulator feature
Time resolution is 1 ps
source tb_clock_divider.tcl
# set curr_wave [current_wave_config]
# if { [string length $curr_wave] == 0 } {
#   if { [llength [get_objects]] > 0} {
#     add_wave /
#     set_property needs_save false [current_wave_config]
#   } else {
#      send_msg_id Add_Wave-1 WARNING "No top level signals found. Simulator will start without a wave window. If you want to open a wave window go to 'File->New Waveform Configuration' or type 'create_wave_config' in the TCL console."
#   }
# }
# run 1000ns
LAB2_PASS clock_divider checks=129
$finish called at time : 436 ns : File "C:/Users/gaeun/Desktop/lab2_02_clock_divider/sim/tb_clock_divider.sv" Line 19
INFO: [USF-XSim-96] XSim completed. Design snapshot 'tb_clock_divider_behav' loaded.
INFO: [USF-XSim-97] XSim simulation ran for 1000ns
launch_simulation: Time (s): cpu = 00:00:05 ; elapsed = 00:00:09 . Memory (MB): peak = 1707.465 ; gain = 12.141
launch_runs impl_1 -to_step write_bitstream -jobs 7
[Wed Sep 16 10:51:05 2026] Launched synth_1...
Run output will be captured here: C:/Users/gaeun/Desktop/lab2_02_clock_divider/vivado/lab2_clock_divider.runs/synth_1/runme.log
[Wed Sep 16 10:51:05 2026] Launched impl_1...
Run output will be captured here: C:/Users/gaeun/Desktop/lab2_02_clock_divider/vivado/lab2_clock_divider.runs/impl_1/runme.log
close_sim
INFO: [Simtcl 6-16] Simulation closed
synth_design -rtl -rtl_skip_mlo -name rtl_1
Command: synth_design -rtl -rtl_skip_mlo -name rtl_1
Starting synth_design
Using part: xc7s75fgga484-1
Top: lab2_clock_divider
INFO: [Device 21-403] Loading part xc7s75fgga484-1
INFO: [Designutils 20-5008] Incremental synthesis strategy default
INFO: [Synth 8-7079] Multithreading enabled for synth_design using a maximum of 2 processes.
INFO: [Synth 8-7078] Launching helper process for spawning children vivado processes
INFO: [Synth 8-7075] Helper process launched with PID 17492
---------------------------------------------------------------------------------
Starting RTL Elaboration : Time (s): cpu = 00:00:07 ; elapsed = 00:00:07 . Memory (MB): peak = 2454.625 ; gain = 579.473
---------------------------------------------------------------------------------
INFO: [Synth 8-6157] synthesizing module 'lab2_clock_divider' [C:/Users/gaeun/Desktop/lab2_02_clock_divider/src/lab2_clock_divider.v:4]
INFO: [Synth 8-6157] synthesizing module 'input_frontend' [C:/Users/gaeun/Desktop/lab2_02_clock_divider/src/input_frontend.v:4]
	Parameter STABLE_CYCLES bound to: 20 - type: integer 
INFO: [Synth 8-6155] done synthesizing module 'input_frontend' (0#1) [C:/Users/gaeun/Desktop/lab2_02_clock_divider/src/input_frontend.v:4]
INFO: [Synth 8-6157] synthesizing module 'clock_divider' [C:/Users/gaeun/Desktop/lab2_02_clock_divider/src/clock_divider.v:4]
	Parameter DIVISOR bound to: 2 - type: integer 
INFO: [Synth 8-6155] done synthesizing module 'clock_divider' (0#1) [C:/Users/gaeun/Desktop/lab2_02_clock_divider/src/clock_divider.v:4]
INFO: [Synth 8-6157] synthesizing module 'clock_divider__parameterized0' [C:/Users/gaeun/Desktop/lab2_02_clock_divider/src/clock_divider.v:4]
	Parameter DIVISOR bound to: 10 - type: integer 
INFO: [Synth 8-6155] done synthesizing module 'clock_divider__parameterized0' (0#1) [C:/Users/gaeun/Desktop/lab2_02_clock_divider/src/clock_divider.v:4]
INFO: [Synth 8-6157] synthesizing module 'clock_divider__parameterized1' [C:/Users/gaeun/Desktop/lab2_02_clock_divider/src/clock_divider.v:4]
	Parameter DIVISOR bound to: 50 - type: integer 
INFO: [Synth 8-6155] done synthesizing module 'clock_divider__parameterized1' (0#1) [C:/Users/gaeun/Desktop/lab2_02_clock_divider/src/clock_divider.v:4]
INFO: [Synth 8-6157] synthesizing module 'clock_divider__parameterized2' [C:/Users/gaeun/Desktop/lab2_02_clock_divider/src/clock_divider.v:4]
	Parameter DIVISOR bound to: 1000 - type: integer 
INFO: [Synth 8-6155] done synthesizing module 'clock_divider__parameterized2' (0#1) [C:/Users/gaeun/Desktop/lab2_02_clock_divider/src/clock_divider.v:4]
INFO: [Synth 8-6155] done synthesizing module 'lab2_clock_divider' (0#1) [C:/Users/gaeun/Desktop/lab2_02_clock_divider/src/lab2_clock_divider.v:4]
WARNING: [Synth 8-3917] design lab2_clock_divider has port led[7] driven by constant 0
WARNING: [Synth 8-3917] design lab2_clock_divider has port led[6] driven by constant 0
WARNING: [Synth 8-3917] design lab2_clock_divider has port led[5] driven by constant 0
---------------------------------------------------------------------------------
Finished RTL Elaboration : Time (s): cpu = 00:00:08 ; elapsed = 00:00:09 . Memory (MB): peak = 2574.004 ; gain = 698.852
---------------------------------------------------------------------------------
---------------------------------------------------------------------------------
Start Handling Custom Attributes
---------------------------------------------------------------------------------
---------------------------------------------------------------------------------
Finished Handling Custom Attributes : Time (s): cpu = 00:00:08 ; elapsed = 00:00:09 . Memory (MB): peak = 2574.004 ; gain = 698.852
---------------------------------------------------------------------------------
---------------------------------------------------------------------------------
Finished RTL Optimization Phase 1 : Time (s): cpu = 00:00:08 ; elapsed = 00:00:09 . Memory (MB): peak = 2574.004 ; gain = 698.852
---------------------------------------------------------------------------------
Netlist sorting complete. Time (s): cpu = 00:00:00 ; elapsed = 00:00:00.001 . Memory (MB): peak = 2574.004 ; gain = 0.000
INFO: [Project 1-570] Preparing netlist for logic optimization

Processing XDC Constraints
Initializing timing engine
Parsing XDC File [C:/Users/gaeun/Desktop/lab2_02_clock_divider/constraints/lab2_clock_divider.xdc]
Finished Parsing XDC File [C:/Users/gaeun/Desktop/lab2_02_clock_divider/constraints/lab2_clock_divider.xdc]
Completed Processing XDC Constraints

Netlist sorting complete. Time (s): cpu = 00:00:00 ; elapsed = 00:00:00 . Memory (MB): peak = 2631.113 ; gain = 0.000
INFO: [Project 1-111] Unisim Transformation Summary:
No Unisim elements were transformed.

RTL Elaboration Complete:  : Time (s): cpu = 00:00:19 ; elapsed = 00:00:17 . Memory (MB): peak = 2907.168 ; gain = 1032.016
19 Infos, 3 Warnings, 0 Critical Warnings and 0 Errors encountered.
synth_design completed successfully
synth_design: Time (s): cpu = 00:00:20 ; elapsed = 00:00:20 . Memory (MB): peak = 2907.168 ; gain = 1167.551
reset_run synth_1
launch_runs synth_1 -jobs 7
[Wed Sep 16 11:04:57 2026] Launched synth_1...
Run output will be captured here: C:/Users/gaeun/Desktop/lab2_02_clock_divider/vivado/lab2_clock_divider.runs/synth_1/runme.log
launch_runs impl_1 -jobs 7
[Wed Sep 16 11:05:59 2026] Launched impl_1...
Run output will be captured here: C:/Users/gaeun/Desktop/lab2_02_clock_divider/vivado/lab2_clock_divider.runs/impl_1/runme.log
launch_runs impl_1 -to_step write_bitstream -jobs 7
[Wed Sep 16 11:08:09 2026] Launched impl_1...
Run output will be captured here: C:/Users/gaeun/Desktop/lab2_02_clock_divider/vivado/lab2_clock_divider.runs/impl_1/runme.log
close_design
open_run impl_1
Netlist sorting complete. Time (s): cpu = 00:00:00 ; elapsed = 00:00:00 . Memory (MB): peak = 3351.375 ; gain = 0.000
INFO: [Project 1-479] Netlist was created with Vivado 2026.1
INFO: [Project 1-570] Preparing netlist for logic optimization
Read ShapeDB Complete: Time (s): cpu = 00:00:00 ; elapsed = 00:00:00.003 . Memory (MB): peak = 3351.375 ; gain = 0.000
INFO: [Timing 38-478] Restoring timing data from binary archive.
INFO: [Timing 38-479] Binary timing data restore complete.
INFO: [Project 1-856] Restoring constraints from binary archive.
INFO: [Project 1-853] Binary constraint restore complete.
INFO: [Designutils 20-5722] Start Reading Physical Databases.
Reading placement.
Read Netlist Cache: Time (s): cpu = 00:00:00 ; elapsed = 00:00:00.001 . Memory (MB): peak = 3351.375 ; gain = 0.000
Reading placer database...
Read Device Cache: Time (s): cpu = 00:00:00 ; elapsed = 00:00:00.008 . Memory (MB): peak = 3351.375 ; gain = 0.000
Read PlaceDB: Time (s): cpu = 00:00:00 ; elapsed = 00:00:00 . Memory (MB): peak = 3351.375 ; gain = 0.000
Read placeStorage: Time (s): cpu = 00:00:00 ; elapsed = 00:00:00.005 . Memory (MB): peak = 3351.375 ; gain = 0.000
Read PulsedLatchDB: Time (s): cpu = 00:00:00 ; elapsed = 00:00:00.001 . Memory (MB): peak = 3351.375 ; gain = 0.000
Reading routing.
Read RouteStorage: Time (s): cpu = 00:00:00 ; elapsed = 00:00:00.012 . Memory (MB): peak = 3351.375 ; gain = 0.000
Read Physdb Files: Time (s): cpu = 00:00:00 ; elapsed = 00:00:00.059 . Memory (MB): peak = 3351.375 ; gain = 0.000
Restored from archive | CPU: 0.000000 secs | Memory: 0.000000 MB |
Finished XDEF File Restore: Time (s): cpu = 00:00:00 ; elapsed = 00:00:00.061 . Memory (MB): peak = 3351.375 ; gain = 0.000
Netlist sorting complete. Time (s): cpu = 00:00:00 ; elapsed = 00:00:00 . Memory (MB): peak = 3351.375 ; gain = 0.000
INFO: [Project 1-111] Unisim Transformation Summary:
No Unisim elements were transformed.

open_run: Time (s): cpu = 00:00:13 ; elapsed = 00:00:11 . Memory (MB): peak = 3488.617 ; gain = 137.242
exit
INFO: [Common 17-206] Exiting Vivado at Wed Sep 16 11:17:01 2026...
